RAM Allocation [bytes]
Variable                                                                          Address   Size
------------------------------------------------------------------------------------------------
BucketData                                                                        0x0600     600
BucketData_Wight                                                                  0x0858     600
GRADE_INFO                                                                        0x0AB0      90
SOL_INFO                                                                          0x0B0A     432
PACKER_INFO                                                                       0x0CBA      36
LDCELL_INFO                                                                       0x0CDE      30
MEASURE_INFO                                                                      0x0CFC      12
PRT_INFO                                                                          0x0D08      18
SYS_INFO                                                                          0x0D1A      18
ABN_INFO                                                                          0x0D2C       2
GRADE_DATA                                                                        0x0D2E     196
crackCHKCNT                                                                       0x0DF2       6
dotCHKCNT                                                                         0x0DF8       6
PRT_A_OUT                                                                         0x0DFE       1
PRT_B_OUT                                                                         0x0DFF       1
pocketSTATE                                                                       0x0E00      54
sol_outcnt                                                                        0x0E36      54
sol_offcnt                                                                        0x0E6C      54
sol_offcnt_on                                                                     0x0EA2      54
do_value                                                                          0x0ED8       9
plc_prt_value                                                                     0x0EE1       1
phase_a_cnt                                                                       0x0EE2       2
max_scan_val                                                                      0x0EE4       2
MAX_SCAN_REF                                                                      0x0EE6       2
max_scan_cnt                                                                      0x0EE8       2
HolderState                                                                       0x0EEA      18
HolderOnTime                                                                      0x0EFC      18
weight_ad_end_pulse                                                               0x0F0E       2
weight_cal_end_pulse                                                              0x0F10       2
zero_ad_end_pulse                                                                 0x0F12       2
zero_cal_end_pulse                                                                0x0F14       2
ConvertPosition                                                                   0x0F16       2
convert_end_pulse                                                                 0x0F18       2
grading_end_pulse                                                                 0x0F1A       2
crackchk_end_pulse                                                                0x0F1C       2
COMM_SET_Position                                                                 0x0F1E       2
GradingPosition                                                                   0x0F20       2
cur_z_phase_cnt                                                                   0x0F22       2
weight_value                                                                      0x0F24      12
zero_value                                                                        0x0F30      12
ref_zero_value                                                                    0x0F3C      12
ConstWeight                                                                       0x0F48      12
ad_full_scan                                                                      0x0F54    1200
ResultWeight                                                                      0x1404      12
zero_measure_value                                                                0x1410      24
phase_z_cnt                                                                       0x1428       4
RxBuffer                                                                          0x142C     500
TxBuffer                                                                          0x1620    1500
COM_REV_ENABLE                                                                    0x1BFC       1
COM_MOD                                                                           0x1BFD       1
TxEnable                                                                          0x1BFE       1
TimerMode                                                                         0x1BFF       1
adcnt                                                                             0x1C00       1
avr_loop_cnt                                                                      0x1C01       1
reformCH                                                                          0x1C02       1
StopEnable                                                                        0x1C03       1
A_TX_DATA                                                                         0x1C04       8
A_CNT_TX_HOLD                                                                     0x1C0C       1
TxLength                                                                          0x1C0D       2
txcnt                                                                             0x1C0F       2
revcnt                                                                            0x1C11       2
RxLength                                                                          0x1C13       2
tmrSPEEDCNT                                                                       0x1C15       2
reformTotal                                                                       0x1C17       4
reform_ADC                                                                        0x1C1B      48
reformVoltage                                                                     0x1C4B       2
reformWeight                                                                      0x1C4D       2
reformSigned                                                                      0x1C4F       2
diffVoltage                                                                       0x1C51       2
prt_a_outcnt                                                                      0x1C53       1
prt_a_off_enable                                                                  0x1C54       1
prt_a_offcnt                                                                      0x1C55       1
prt_b_outcnt                                                                      0x1C56       1
prt_b_off_enable                                                                  0x1C57       1
prt_b_offcnt                                                                      0x1C58       1
CONTROLLER_ID                                                                     0x1C59       1
led_buz_value                                                                     0x1C5A       1
AccelStart                                                                        0x1C5B       1
DeAccelStart                                                                      0x1C5C       1
AccelStep                                                                         0x1C5D       1
DeAccelStep                                                                       0x1C5E       1
Sol_Correction_Count                                                              0x1C5F       1
InterLockON                                                                       0x1C60       1
InterLockCnt                                                                      0x1C61       1
AccelCount                                                                        0x1C62       2
DeAccelCount                                                                      0x1C64       2
timer_period                                                                      0x1C66       1
unit_correct                                                                      0x1C67       1
unit_rising                                                                       0x1C68       1
unit_falling                                                                      0x1C69       1
EVENT_ENABLE                                                                      0x1C6A       1
Marking_Version                                                                   0x1C6B       1
LifeTime_Run                                                                      0x1C6C       1
CHK_ABN                                                                           0x1C6D       1
abn_phase_a                                                                       0x1C6E       2
abn_butket_num_temp                                                               0x1C70       2
Old_Value                                                                         0x1C72       2
New_Value                                                                         0x1C74       2
_ADC_CH                                                                           0x1C76       8
Data_Buff                                                                         0x1C7E     528
old_prttype                                                                       0x1E8E       9
StopCMD                                                                           0x1E97       1
MACHINE_STATE                                                                     0x1E98       1
Crack_Dot_Chk_Enable                                                              0x1E99       1
weight_ad_cnt                                                                     0x1E9A       1
zero_ad_cnt                                                                       0x1E9B       1
old_Zero                                                                          0x1E9C      12
correct_data_end_pulse                                                            0x1EA8       2
voltData                                                                          0x1EAA     240
off_Correction_Count                                                              0x1F9A       2
init_off_correction                                                               0x1F9C       2
deAccelStartCount                                                                 0x1F9E       2
accelStartCount                                                                   0x1FA0       2
DeAccelDelay                                                                      0x1FA2       2
DelayTimeCount                                                                    0x1FA4       2
timerstop                                                                         0x1FA6       1
deaccel_chk                                                                       0x1FA7       1
accel_chk                                                                         0x1FA8       1
SpeedAdjEnable                                                                    0x1FA9       1
debugMode                                                                         0x1FAA       1
slidemotor_state                                                                  0x1FAB       1
ACD_DATA_BUF                                                                      0x1FAC     150
accel_rdy                                                                         0x2042       1
deaccel_rdy                                                                       0x2043       1
PackerSharedEnable                                                                0x2044       1
Marking_MOUT                                                                      0x2045       1
Marking_MOUT_SNG                                                                  0x2046       8

EEPROM Allocation [bytes]
Variable                                                                          Address   Size
------------------------------------------------------------------------------------------------

Register Allocation
Variable                                                                          Register  Size
------------------------------------------------------------------------------------------------
ControllerRunMethod                                                               R4           1
SolenoidTestType                                                                  R3           1
TestGrade                                                                         R6           1
CW_DIR                                                                            R5           1
z_led_flag                                                                        R8           1
a_led_flag                                                                        R7           1
modRunning                                                                        R10          1
ScanEnable                                                                        R9           1
crackValue                                                                        R12          1
dotValue                                                                          R11          1
scan_ad_ch                                                                        R14          1
ScanStopEnable                                                                    R13          1
