RAM Allocation [bytes]
Variable                                                                          Address   Size
------------------------------------------------------------------------------------------------
BucketData                                                                        0x0600     600
GRADE_INFO                                                                        0x0858      90
SOL_INFO                                                                          0x08B2     432
PACKER_INFO                                                                       0x0A62      36
LDCELL_INFO                                                                       0x0A86      30
MEASURE_INFO                                                                      0x0AA4      10
PRT_INFO                                                                          0x0AAE      18
SYS_INFO                                                                          0x0AC0      18
GRADE_DATA                                                                        0x0AD2     176
crackCHKCNT                                                                       0x0B82       6
dotCHKCNT                                                                         0x0B88       6
scan_ad_ch                                                                        0x0B8E       1
ScanStopEnable                                                                    0x0B8F       1
PRT_A_OUT                                                                         0x0B90       1
pocketSTATE                                                                       0x0B91      54
sol_outcnt                                                                        0x0BC7      54
sol_offcnt                                                                        0x0BFD      54
sol_offcnt_on                                                                     0x0C33      54
do_value                                                                          0x0C69       9
plc_prt_value                                                                     0x0C72       1
phase_a_cnt                                                                       0x0C73       2
max_scan_val                                                                      0x0C75       2
MAX_SCAN_REF                                                                      0x0C77       2
max_scan_cnt                                                                      0x0C79       2
HolderState                                                                       0x0C7B      18
HolderOnTime                                                                      0x0C8D      18
weight_ad_end_pulse                                                               0x0C9F       2
weight_cal_end_pulse                                                              0x0CA1       2
zero_ad_end_pulse                                                                 0x0CA3       2
zero_cal_end_pulse                                                                0x0CA5       2
ConvertPosition                                                                   0x0CA7       2
convert_end_pulse                                                                 0x0CA9       2
grading_end_pulse                                                                 0x0CAB       2
crackchk_end_pulse                                                                0x0CAD       2
COMM_SET_Position                                                                 0x0CAF       2
GradingPosition                                                                   0x0CB1       2
cur_z_phase_cnt                                                                   0x0CB3       2
weight_value                                                                      0x0CB5      12
zero_value                                                                        0x0CC1      12
ref_zero_value                                                                    0x0CCD      12
ConstWeight                                                                       0x0CD9      12
ad_full_scan                                                                      0x0CE5    1200
ResultWeight                                                                      0x1195      12
zero_measure_value                                                                0x11A1      24
phase_z_cnt                                                                       0x11B9       4
RxBuffer                                                                          0x11BD     500
TxBuffer                                                                          0x13B1    1500
COM_REV_ENABLE                                                                    0x198D       1
COM_MOD                                                                           0x198E       1
TxEnable                                                                          0x198F       1
TimerMode                                                                         0x1990       1
adcnt                                                                             0x1991       1
avr_loop_cnt                                                                      0x1992       1
reformCH                                                                          0x1993       1
StopEnable                                                                        0x1994       1
A_TX_DATA                                                                         0x1995       8
A_CNT_TX_HOLD                                                                     0x199D       1
TxLength                                                                          0x199E       2
txcnt                                                                             0x19A0       2
revcnt                                                                            0x19A2       2
RxLength                                                                          0x19A4       2
tmrSPEEDCNT                                                                       0x19A6       2
reformTotal                                                                       0x19A8       4
reform_ADC                                                                        0x19AC      48
reformVoltage                                                                     0x19DC       2
reformWeight                                                                      0x19DE       2
reformSigned                                                                      0x19E0       2
diffVoltage                                                                       0x19E2       2
prt_a_outcnt                                                                      0x19E4       1
prt_a_off_enable                                                                  0x19E5       1
prt_a_offcnt                                                                      0x19E6       1
CONTROLLER_ID                                                                     0x19E7       1
led_buz_value                                                                     0x19E8       1
AccelStart                                                                        0x19E9       1
DeAccelStart                                                                      0x19EA       1
AccelStep                                                                         0x19EB       1
DeAccelStep                                                                       0x19EC       1
Sol_Correction_Count                                                              0x19ED       1
InterLockON                                                                       0x19EE       1
InterLockCnt                                                                      0x19EF       1
AccelCount                                                                        0x19F0       2
DeAccelCount                                                                      0x19F2       2
timer_period                                                                      0x19F4       1
unit_correct                                                                      0x19F5       1
unit_rising                                                                       0x19F6       1
unit_falling                                                                      0x19F7       1
EVENT_ENABLE                                                                      0x19F8       1
_ADC_CH                                                                           0x19F9       8
Data_Buff                                                                         0x1A01     528
old_prttype                                                                       0x1C11       9
StopCMD                                                                           0x1C1A       1
MACHINE_STATE                                                                     0x1C1B       1
Crack_Dot_Chk_Enable                                                              0x1C1C       1
weight_ad_cnt                                                                     0x1C1D       1
zero_ad_cnt                                                                       0x1C1E       1
old_Zero                                                                          0x1C1F      12
correct_data_end_pulse                                                            0x1C2B       2
voltData                                                                          0x1C2D     240
off_Correction_Count                                                              0x1D1D       2
init_off_correction                                                               0x1D1F       2
deAccelStartCount                                                                 0x1D21       2
accelStartCount                                                                   0x1D23       2
DeAccelDelay                                                                      0x1D25       2
DelayTimeCount                                                                    0x1D27       2
timerstop                                                                         0x1D29       1
deaccel_chk                                                                       0x1D2A       1
accel_chk                                                                         0x1D2B       1
SpeedAdjEnable                                                                    0x1D2C       1
debugMode                                                                         0x1D2D       1
slidemotor_state                                                                  0x1D2E       1
ACD_DATA_BUF                                                                      0x1D2F     150
accel_rdy                                                                         0x1DC5       1
deaccel_rdy                                                                       0x1DC6       1
PackerSharedEnable                                                                0x1DC7       1
Marking_MOUT                                                                      0x1DC8       1
Marking_MOUT_SNG                                                                  0x1DC9       8

EEPROM Allocation [bytes]
Variable                                                                          Address   Size
------------------------------------------------------------------------------------------------

Register Allocation
Variable                                                                          Register  Size
------------------------------------------------------------------------------------------------
ControllerRunMethod                                                               R5           1
SolenoidTestType                                                                  R4           1
TestGrade                                                                         R7           1
CW_DIR                                                                            R6           1
z_led_flag                                                                        R9           1
a_led_flag                                                                        R8           1
modRunning                                                                        R11          1
ScanEnable                                                                        R10          1
crackValue                                                                        R13          1
dotValue                                                                          R12          1

FLASH Allocation [words]
Function                                                                          Address   Size
------------------------------------------------------------------------------------------------
Initailize_PARAMETER                                                              0x001D2    303
Initialize_GPIO                                                                   0x00301     24
Initialize_REG                                                                    0x00319     71
RD_ADC                                                                            0x00360     58
SPI_Init                                                                          0x0039A      8
SendSPIByte                                                                       0x003A2     10
GetSPIByte                                                                        0x003AC      7
GetDeviceID                                                                       0x003B3     36
Check_Flash_Busy                                                                  0x003D7     16
SetPageBuffer1                                                                    0x003E7     30
PageRead                                                                          0x00405     58
Write_Buff                                                                        0x0043F     36
GET_USR_INFO_DATA                                                                 0x00463     87
PUT_USR_INFO_DATA                                                                 0x004BA    111
ext_int0_isr                                                                      0x00529    112
ext_int1_isr                                                                      0x00599    114
ext_int5_isr                                                                      0x0060B     54
ext_int6_isr                                                                      0x00641    127
ext_int7_isr                                                                      0x006C0    887
usart1_rx_isr                                                                     0x00A37    131
usart1_tx_isr                                                                     0x00ABA     45
timer0_ovf_isr                                                                    0x00AE7      1
timer1_compa_isr                                                                  0x00AE8    336
CorrectionData                                                                    0x00C38    115
ConvertWeight                                                                     0x00CAB    188
WeightGrading                                                                     0x00D67   1199
COMM_TX_SET                                                                       0x01216     52
SolenoidRunning                                                                   0x0124A    330
MovingBucket                                                                      0x01394     33
MaskingBucket                                                                     0x013B5    188
LoadParameter                                                                     0x01471    130
ETC_PARAMETER_SETTING                                                             0x014F3    126
Initialize_SYSTEM                                                                 0x01571    226
BuzzerOn                                                                          0x01653     12
Reform_Weight                                                                     0x0165F    479
ExtPort_TEST                                                                      0x0183E    353
MACHINE_DATA_CLEAR                                                                0x0199F     90
main                                                                              0x019F9   2634
memcpy                                                                            0x02443     18
